// Jest Snapshot v1, https://goo.gl/fbAQLP

exports[`CounterDemoPage default render matches snapshot 1`] = `
"<div><span class=\\"ant-badge\\"><div data-show=\\"true\\" class=\\"ant-alert ant-alert-info ant-alert-no-icon\\" role=\\"alert\\"><div class=\\"ant-alert-content\\"><div class=\\"ant-alert-message\\">Redux is pre-configured with redux-toolkit</div><div class=\\"ant-alert-description\\"></div></div></div></span><br><br>
  <div style=\\"width: 200px;\\" class=\\"ant-card ant-card-bordered ant-card-hoverable counter__card\\">
    <div class=\\"ant-card-head\\">
      <div class=\\"ant-card-head-wrapper\\">
        <div class=\\"ant-card-head-title\\">Redux Counter</div>
      </div>
    </div>
    <div class=\\"ant-card-body\\">
      <div class=\\"ant-space ant-space-horizontal ant-space-align-center\\">
        <div class=\\"ant-space-item\\" style=\\"margin-right: 24px;\\">
          <div class=\\"ant-space ant-space-horizontal ant-space-align-center\\">
            <div class=\\"ant-space-item\\" style=\\"margin-right: 8px;\\"><button data-testid=\\"increment-click\\" type=\\"button\\" class=\\"ant-btn ant-btn-circle ant-btn-sm\\"><span role=\\"img\\" aria-label=\\"caret-up\\" class=\\"anticon anticon-caret-up\\"><svg viewBox=\\"0 0 1024 1024\\" focusable=\\"false\\" data-icon=\\"caret-up\\" width=\\"1em\\" height=\\"1em\\" fill=\\"currentColor\\" aria-hidden=\\"true\\"><path d=\\"M858.9 689L530.5 308.2c-9.4-10.9-27.5-10.9-37 0L165.1 689c-12.2 14.2-1.2 35 18.5 35h656.8c19.7 0 30.7-20.8 18.5-35z\\"></path></svg></span></button></div>
            <div class=\\"ant-space-item\\"><button data-testid=\\"decrement-click\\" type=\\"button\\" class=\\"ant-btn ant-btn-circle ant-btn-sm\\"><span role=\\"img\\" aria-label=\\"caret-down\\" class=\\"anticon anticon-caret-down\\"><svg viewBox=\\"0 0 1024 1024\\" focusable=\\"false\\" data-icon=\\"caret-down\\" width=\\"1em\\" height=\\"1em\\" fill=\\"currentColor\\" aria-hidden=\\"true\\"><path d=\\"M840.4 300H183.6c-19.7 0-30.7 20.8-18.5 35l328.4 380.8c9.4 10.9 27.5 10.9 37 0L858.9 335c12.2-14.2 1.2-35-18.5-35z\\"></path></svg></span></button></div>
          </div>
        </div>
        <div class=\\"ant-space-item\\"><button type=\\"button\\" class=\\"ant-btn ant-btn-sm\\"><span>Reset</span></button></div>
      </div>
    </div>
  </div>
</div>"
`;
